../Core/Src/GSM.c:70:6:pec_Update	24	static
../Core/Src/GSM.c:109:6:GSM_Init	16	static
../Core/Src/GSM.c:136:6:GSM_Service	144	static
../Core/Src/GSM.c:807:6:publish	24	static
../Core/Src/GSM.c:819:6:setEmail	56	static
../Core/Src/GSM.c:873:6:GSM_Send	24	static
../Core/Src/GSM.c:885:6:Debug_Send	24	static
../Core/Src/GSM.c:893:6:SendChar	32	static
../Core/Src/GSM.c:904:6:recData	8	static
../Core/Src/GSM.c:974:6:procData	16	static
../Core/Src/GSM.c:1155:6:sendSMS	16	static
../Core/Src/GSM.c:1174:6:Network	16	static
../Core/Src/GSM.c:1181:6:Balance	32	static
../Core/Src/GSM.c:1196:6:Call	48	static
../Core/Src/GSM.c:1213:6:getIMEI	8	static
../Core/Src/GSM.c:1229:6:getCCID	16	static
../Core/Src/GSM.c:1236:6:getSignal	24	static
../Core/Src/GSM.c:1246:6:procSMS	56	static
../Core/Src/GSM.c:1329:6:Register	88	static
../Core/Src/GSM.c:1384:6:RegisterConfirm	48	static
../Core/Src/GSM.c:1400:6:CheckUser	8	static
../Core/Src/GSM.c:1413:6:Confirmation	12	static
../Core/Src/GSM.c:1418:6:Deny	12	static
../Core/Src/GSM.c:1423:6:VoltageAlarm	88	static
../Core/Src/GSM.c:1452:6:caps	192	static
../Core/Src/GSM.c:1479:6:buildInfo	72	static
../Core/Src/GSM.c:1533:6:BuildPower	32	static
../Core/Src/GSM.c:1556:6:Context	16	static
../Core/Src/GSM.c:1637:6:Socket2	8	static
../Core/Src/GSM.c:1641:6:GotSMS	32	static
../Core/Src/GSM.c:1659:6:OK	8	static
../Core/Src/GSM.c:1681:6:GPRS_SendData	24	static
../Core/Src/GSM.c:1714:6:DataStatus	56	static
../Core/Src/GSM.c:1738:6:DataDecrypt	496	static
../Core/Src/GSM.c:1967:5:Getvalue	24	static
../Core/Src/GSM.c:1997:6:GSM_Receive	16	static
