../Core/Src/main.c:92:6:HAL_TIM_IC_CaptureCallback	16	static
../Core/Src/main.c:106:6:pulseTim	24	static
../Core/Src/main.c:127:5:main	8	static
../Core/Src/main.c:257:6:SystemClock_Config	112	static
../Core/Src/main.c:305:13:MX_ADC_Init	24	static
../Core/Src/main.c:375:13:MX_I2C1_Init	8	static
../Core/Src/main.c:423:13:MX_TIM1_Init	96	static
../Core/Src/main.c:502:13:MX_TIM2_Init	48	static
../Core/Src/main.c:560:13:MX_TIM15_Init	48	static
../Core/Src/main.c:619:13:MX_USART1_UART_Init	8	static
../Core/Src/main.c:654:13:MX_USART2_UART_Init	8	static
../Core/Src/main.c:687:13:MX_DMA_Init	16	static
../Core/Src/main.c:705:13:MX_GPIO_Init	48	static
../Core/Src/main.c:752:6:HAL_TIM_PeriodElapsedCallback	16	static
../Core/Src/main.c:787:6:Error_Handler	8	static,ignoring_inline_asm
