../Core/Src/ssd1306.c:10:6:ssd1306_Reset	8	static
../Core/Src/ssd1306.c:15:6:ssd1306_WriteCommand	32	static
../Core/Src/ssd1306.c:20:6:ssd1306_WriteData	32	static
../Core/Src/ssd1306.c:65:17:ssd1306_FillBuffer	32	static
../Core/Src/ssd1306.c:75:6:ssd1306_Init	8	static
../Core/Src/ssd1306.c:177:6:ssd1306_Fill	24	static
../Core/Src/ssd1306.c:187:6:ssd1306_UpdateScreen	16	static
../Core/Src/ssd1306.c:206:6:ssd1306_DrawPixel	24	static
../Core/Src/ssd1306.c:224:6:ssd1306_WriteChar	48	static
../Core/Src/ssd1306.c:259:6:ssd1306_WriteString	24	static
../Core/Src/ssd1306.c:276:6:ssd1306_SetCursor	16	static
../Core/Src/ssd1306.c:282:6:ssd1306_Line	48	static
../Core/Src/ssd1306.c:318:6:ssd1306_Polyline	40	static
../Core/Src/ssd1306.c:332:14:ssd1306_DegToRad	16	static
../Core/Src/ssd1306.c:336:17:ssd1306_NormalizeTo0_360	32	static
../Core/Src/ssd1306.c:353:6:ssd1306_DrawArc	64	static
../Core/Src/ssd1306.c:390:6:ssd1306_DrawCircle	40	static
../Core/Src/ssd1306.c:435:6:ssd1306_DrawRectangle	32	static
../Core/Src/ssd1306.c:446:6:ssd1306_DrawBitmap	32	static
../Core/Src/ssd1306.c:468:6:ssd1306_SetContrast	24	static
../Core/Src/ssd1306.c:474:6:ssd1306_SetDisplayOn	24	static
../Core/Src/ssd1306.c:486:9:ssd1306_GetDisplayOn	8	static
